###############################################################################
#
# IAR ELF Linker V8.32.1.169/W32 for ARM                  29/Jul/2020  14:24:47
# Copyright 2007-2018 IAR Systems AB.
#
#    Output file  =  
#        C:\Users\matlab.pc\Desktop\test_1234\GettingStarted\Flash
#        Debug\Exe\GettingStarted.out
#    Map file     =  
#        C:\Users\matlab.pc\Desktop\test_1234\GettingStarted\Flash
#        Debug\List\GettingStarted.map
#    Command line =  
#        -f C:\Users\matlab.pc\AppData\Local\Temp\EW62FE.tmp
#        ("C:\Users\matlab.pc\Desktop\test_1234\GettingStarted\Flash
#        Debug\Obj\cstartup_M_S32K144.o"
#        "C:\Users\matlab.pc\Desktop\test_1234\GettingStarted\Flash
#        Debug\Obj\low_level_init.o"
#        "C:\Users\matlab.pc\Desktop\test_1234\GettingStarted\Flash
#        Debug\Obj\main.o" --no_out_extension -o
#        "C:\Users\matlab.pc\Desktop\test_1234\GettingStarted\Flash
#        Debug\Exe\GettingStarted.out" --redirect _Printf=_PrintfFullNoMb
#        --redirect _Scanf=_ScanfFullNoMb --map
#        "C:\Users\matlab.pc\Desktop\test_1234\GettingStarted\Flash
#        Debug\List\GettingStarted.map" --config "C:\Program Files (x86)\IAR
#        Systems\Embedded Workbench 8.2\arm\config\linker\NXP\S32K144.icf"
#        --entry __iar_program_start --redirect __write=__write_buffered --vfe
#        --text_out locale)
#
###############################################################################

*******************************************************************************
*** RUNTIME MODEL ATTRIBUTES
***

CppFlavor       = *
__SystemLibrary = DLib
__dlib_version  = 6


*******************************************************************************
*** HEAP SELECTION
***

The basic heap was selected because no calls to memory allocation
functions were found in the application outside of system library
functions, and there are calls to deallocation functions in the
application.


*******************************************************************************
*** PLACEMENT SUMMARY
***

"A0":  place at 0x0 { ro section .intvec };
"P1":  place in [from 0x0 to 0x3ff] |
                [from 0x410 to 0x7'ffff] { ro };
define block CSTACK with size = 2K, alignment = 8 { };
define block PROC_STACK with size = 0M, alignment = 8 { };
define block HEAP with size = 4K, alignment = 8 { };
"P3":  place in [from 0x1fff'8000 to 0x1fff'ffff] |
                [from 0x2000'0000 to 0x2000'6fff] {
          rw, block CSTACK, block PROC_STACK, block HEAP };
"P5":  place in [from 0x400 to 0x40f] { section FlashConfig };

No sections matched the following patterns:

  ro section application_specific_ro  in "P2"
  rw                                  in "P3"
  rw section application_specific_rw  in "P4"


  Section      Kind         Address   Size  Object
  -------      ----         -------   ----  ------
"A0":                                0x22c
  .intvec      ro code          0x0  0x22c  cstartup_M_S32K144.o [1]
                            - 0x22c  0x22c

"P1":                                0x11c
  .text        ro code        0x22c   0x74  main.o [1]
  .text        ro code        0x2a0   0x38  low_level_init.o [1]
  .text        ro code        0x2d8   0x22  fpinit_M.o [3]
  .text        ro code        0x2fc   0x1e  cmain.o [4]
  .text        ro code        0x31a    0x4  exit.o [2]
  .text        ro code        0x320    0xa  cexit.o [4]
  .text        ro code        0x32c    0xc  XXexit.o [4]
  .text        ro code        0x338    0xc  cstartup_M.o [4]
  .text        ro code        0x344    0x4  cstartup_M_S32K144.o [1]
                            - 0x348  0x11c

"P5":                                 0x10
  FlashConfig  const          0x400   0x10  main.o [1]
                            - 0x410   0x10

"P3":                                0x800
  CSTACK                0x1fff'8000  0x800  <Block>
    CSTACK     uninit   0x1fff'8000  0x800  <Block tail>
                      - 0x1fff'8800  0x800

Unused ranges:

         From           To      Size
         ----           --      ----
        0x348        0x3ff      0xb8
        0x410     0x7'ffff  0x7'fbf0
  0x1fff'8800  0x1fff'ffff    0x7800
  0x2000'0000  0x2000'6fff    0x7000



*******************************************************************************
*** MODULE SUMMARY
***

    Module                ro code  ro data  rw data
    ------                -------  -------  -------
command line/config:
    -----------------------------------------------
    Total:

C:\Users\matlab.pc\Desktop\test_1234\GettingStarted\Flash Debug\Obj: [1]
    cstartup_M_S32K144.o      560
    low_level_init.o           56
    main.o                    116       16
    -----------------------------------------------
    Total:                    732       16

dl7M_tln.a: [2]
    exit.o                      4
    -----------------------------------------------
    Total:                      4

m7M_tls.a: [3]
    fpinit_M.o                 34
    -----------------------------------------------
    Total:                     34

rt7M_tl.a: [4]
    XXexit.o                   12
    cexit.o                    10
    cmain.o                    30
    cstartup_M.o               12
    -----------------------------------------------
    Total:                     64

    Gaps                        6
    Linker created                            2 048
---------------------------------------------------
    Grand Total:              840       16    2 048


*******************************************************************************
*** ENTRY LIST
***

Entry                     Address  Size  Type      Object
-----                     -------  ----  ----      ------
?main                       0x2fd        Code  Gb  cmain.o [4]
CSTACK$$Base          0x1fff'8000         --   Gb  - Linker created -
CSTACK$$Limit         0x1fff'8800         --   Gb  - Linker created -
Config                      0x400  0x10  Data  Gb  main.o [1]
Region$$Table$$Base           0x0         --   Gb  - Linker created -
Region$$Table$$Limit          0x0         --   Gb  - Linker created -
SysTick_Handler             0x22d   0xc  Code  Gb  main.o [1]
__cmain                     0x2fd        Code  Gb  cmain.o [4]
__exit                      0x32d        Code  Gb  XXexit.o [4]
__iar_init_vfp              0x2d9        Code  Gb  fpinit_M.o [3]
__iar_program_start         0x339        Code  Gb  cstartup_M.o [4]
__low_level_init            0x2a1  0x38  Code  Gb  low_level_init.o [1]
__vector_table                0x0        Data  Gb  cstartup_M_S32K144.o [1]
_call_main                  0x309        Code  Gb  cmain.o [4]
_exit                       0x321        Code  Gb  cexit.o [4]
_main                       0x317        Code  Gb  cmain.o [4]
exit                        0x31b   0x4  Code  Gb  exit.o [2]
main                        0x239  0x40  Code  Gb  main.o [1]


[1] = C:\Users\matlab.pc\Desktop\test_1234\GettingStarted\Flash Debug\Obj
[2] = dl7M_tln.a
[3] = m7M_tls.a
[4] = rt7M_tl.a

    840 bytes of readonly  code memory
     16 bytes of readonly  data memory
  2 048 bytes of readwrite data memory

Errors: none
Warnings: none
